[backblue.gif]
[fade.gif]
[index.html]
[www.4sam.org/images/headers/main.jpg]
[www.4sam.org/images/banner/1bharatgovegagain.jpg]
[www.4sam.org/images/banner/2bharatstopabortion.jpg]
[www.4sam.org/images/banner/3bharatgreensaintlyandclean.jpg]
[www.4sam.org/images/banner/4bharatprotecthealthyvalues.jpg]
[www.4sam.org/images/banner/5dharmasolvesallproblems.jpg]
[www.4sam.org/images/banner/6bharatagaisntthesuicide.jpg]
[www.4sam.org/index.html]
[www.4sam.org/css/sam.css]
[www.4sam.org/index-2.html]
[www.4sam.org/images/headers/shri.jpg]
[www.4sam.org/shri.html]
[www.4sam.org/images/headers/brahma.jpg]
[www.4sam.org/brahma.html]
[www.4sam.org/images/headers/kumara.jpg]
[www.4sam.org/kumara.html]
[www.4sam.org/images/headers/rudra.jpg]
[www.4sam.org/rudra.html]
[www.4sam.org/images/headers/gaudiya.jpg]
[www.4sam.org/gaudiya.html]
[www.4sam.org/home/editor.html]
[www.4sam.org/home/why_gaudiya.html]
[www.4sam.org/home/shastra.html]
[www.4sam.org/home/help.html]
[www.4sam.org/shri/ramanuja.html]
[www.4sam.org/shri/contribution.html]
[www.4sam.org/shri/links.html]
[www.4sam.org/images/general/ramanuja.jpg]
[www.4sam.org/brahma/Madhva.html]
[www.4sam.org/brahma/contribution.html]
[www.4sam.org/brahma/links.html]
[www.4sam.org/kumara/nimbarka.html]
[www.4sam.org/kumara/contribution.html]
[www.4sam.org/kumara/links.html]
[www.4sam.org/rudra/vishnuswami.html]
[www.4sam.org/rudra/contribution.html]
[www.4sam.org/rudra/links.html]
[www.4sam.org/gaudiya/caitanya.html]
[www.4sam.org/gaudiya/letter-sampradaya.html]
[www.4sam.org/gaudiya/phylosophy.html]
[www.4sam.org/gaudiya/contribution.html]
[www.4sam.org/gaudiya/links.html]
[www.4sam.org/images/general/madhva.jpg]
