[backblue.gif]
[fade.gif]
[index.html]
[www.audarya-award.org/index.html]
[www.audarya-award.org/page/plugins/content/1pixelout/audio-player.js]
[www.audarya-award.org/page/plugins/content/jw_allvideos/players/silverlight.js]
[www.audarya-award.org/page/plugins/content/jw_allvideos/players/wmvplayer.js]
[www.audarya-award.org/page/plugins/content/jw_allvideos/players/AC_QuickTime.js]
[www.audarya-award.org/page/plugins/content/jw_allvideos/players/mediaplayer_4.0.46.swf]
[www.audarya-award.org/page/images/stories/logos/audarya-blogspot-logo.jpg]
[www.audarya-award.org/page/images/stories/logos/vina-cc.jpg]
[www.audarya-award.org/page/index.html]
[www.audarya-award.org/page/media/system/js/mootools.html]
[www.audarya-award.org/page/media/system/js/caption.html]
[www.audarya-award.org/page/plugins/content/jw_allvideos/templates/Default/template_css.css]
[www.audarya-award.org/page/templates/system/css/system.css]
[www.audarya-award.org/page/images/stories/logos/wva.jpg]
[www.audarya-award.org/page/templates/m-flower-2/images/li.png]
[www.audarya-award.org/page/templates/m-flower-2/images/abstract-vishnu-bg2.png]
[www.audarya-award.org/page/templates/m-flower-2/images/center_bg_nobg.png]
[www.audarya-award.org/page/templates/m-flower-2/images/center_bg_top_nobg.png]
[www.audarya-award.org/page/templates/m-flower-2/images/header_nobg.png]
[www.audarya-award.org/page/templates/m-flower-2/images/topmenu_bg_nobg.png]
[www.audarya-award.org/page/templates/m-flower-2/images/footer_bg_nobg.png]
[www.audarya-award.org/page/templates/m-flower-2/images/menu_bottom.png]
[www.audarya-award.org/page/templates/m-flower-2/images/menu_top_out.png]
[www.audarya-award.org/page/templates/m-flower-2/images/h3.png]
[www.audarya-award.org/page/templates/m-flower-2/images/menu_row.jpg]
[www.audarya-award.org/page/templates/m-flower-2/images/submenu_row.jpg]
[www.audarya-award.org/page/templates/m-flower-2/css/template.css]
[www.audarya-award.org/page/home.html]
[www.audarya-award.org/page/seach/%2F.html]
[www.audarya-award.org/page/add-new.html]
[www.audarya-award.org/page/templates/system/images/selector-arrow.png]
[www.audarya-award.org/page/register.html]
[www.audarya-award.org/page/log-in.html]
[www.audarya-award.org/page/help468e.pdf]
[www.audarya-award.org/page/images/stories/static/add-content-0.png]
[www.audarya-award.org/page/images/stories/static/add-content-2.png]
[www.audarya-award.org/page/images/stories/static/add-content-3.png]
[www.audarya-award.org/page/images/stories/static/add-content-4.png]
[www.audarya-award.org/page/images/stories/static/add-image-00.png]
[www.audarya-award.org/page/images/stories/static/add-image-01.png]
[www.audarya-award.org/page/images/stories/static/add-image-02.png]
[www.audarya-award.org/page/images/stories/static/add-image-04.png]
[www.audarya-award.org/page/images/stories/static/add-image-05.png]
[www.audarya-award.org/page/images/stories/static/insert-media-00.png]
[www.audarya-award.org/page/images/stories/static/insert-media-01.png]
[www.audarya-award.org/page/images/stories/static/insert-media-02.png]
[www.audarya-award.org/page/plugins/content/1pixelout/player.swf]
[www.audarya-award.org/page/images/stories/static/edit-content-00.png]
[www.audarya-award.org/page/images/stories/static/edit-content-01.png]
[www.audarya-award.org/page/help.html]
[www.audarya-award.org/page/index-2.html]
[www.audarya-award.org/page/booksc0d0]
[www.audarya-award.org/page/books7b17]
[www.audarya-award.org/page/books.html]
[www.audarya-award.org/page/moviec0d0]
[www.audarya-award.org/page/movie7b17]
[www.audarya-award.org/page/plugins/content/ji_votitaly/js/votitalyplugin.js]
[www.audarya-award.org/page/movie.html]
[www.audarya-award.org/page/architecturec0d0]
[www.audarya-award.org/page/architecture.html]
[www.audarya-award.org/page/architecture7b17]
[www.audarya-award.org/page/musicc0d0]
[www.audarya-award.org/page/music.html]
[www.audarya-award.org/page/music7b17]
[www.audarya-award.org/page/community-projectc0d0]
[www.audarya-award.org/page/community-project.html]
[www.audarya-award.org/page/community-project7b17]
[www.audarya-award.org/page/dharma-presentationc0d0]
[www.audarya-award.org/page/dharma-presentation7b17]
[www.audarya-award.org/page/dharma-presentation.html]
[www.audarya-award.org/page/images/stories/photos/cow_protection/img_3841 720x480.jpg]
[www.audarya-award.org/page/dham-sevac0d0]
[www.audarya-award.org/page/dham-seva7b17]
[www.audarya-award.org/page/images/stories/photos/brahma_kunda/kund.jpg]
[www.audarya-award.org/page/dham-seva.html]
[www.audarya-award.org/page/images/stories/photos/imlitala_siddhapeeth/dsc_0260 720x480.jpg]
[www.audarya-award.org/page/journalc0d0]
[www.audarya-award.org/page/journal.html]
[www.audarya-award.org/page/journal7b17]
[www.audarya-award.org/page/art-contributionc0d0]
[www.audarya-award.org/page/art-contribution7b17]
[www.audarya-award.org/page/art-contribution.html]
[www.audarya-award.org/page/images/stories/photos/bhaktisiddhanta_das/img_2448.jpg]
[www.audarya-award.org/page/home-pagec0d0]
[www.audarya-award.org/page/home-page7b17]
[www.audarya-award.org/page/home-page.html]
[www.audarya-award.org/page/innovativec0d0]
[www.audarya-award.org/page/innovative7b17]
[www.audarya-award.org/page/innovative.html]
[www.audarya-award.org/page/charityc0d0]
[www.audarya-award.org/page/charity7b17]
[www.audarya-award.org/page/charity.html]
[www.audarya-award.org/page/unityc0d0]
[www.audarya-award.org/page/unity.html]
[www.audarya-award.org/page/unity7b17]
[www.audarya-award.org/page/applied-ecologyc0d0]
[www.audarya-award.org/page/applied-ecology.html]
[www.audarya-award.org/page/applied-ecology7b17]
[www.audarya-award.org/page/distributionc0d0]
[www.audarya-award.org/page/distribution.html]
[www.audarya-award.org/page/search/%2F.html]
[www.audarya-award.org/page/component/user/reset.html]
[www.audarya-award.org/page/component/user/remind.html]
[www.audarya-award.org/page/component/user/register.html]
[www.audarya-award.org/page/media/system/js/validate.html]
[www.audarya-award.org/page/images/stories/key.html]
[www.audarya-award.org/page/log-in/reset.html]
[www.audarya-award.org/page/log-in/remind.html]
[www.audarya-award.org/page/log-in/register.html]
[www.audarya-award.org/page/distribution7b17]
[www.audarya-award.org/page/bg=0xf8f8f8&leftbg=0xeeeeee&lefticon=0x666666&r/www.archive.org/download/Cartrecords_music_archive/swami-ba-paramadvaiti-mantra-y-meditacion-1-01-jaya-radha-madhava.html]
[www.audarya-award.org/page/plugins/content/ji_votitaly/css/votitaly.css]
[www.audarya-award.org/page/plugins/content/ji_votitaly/images/stars.png]
[www.audarya-award.org/page/images/stories/photos/little_krishna/lk7.jpg]
[www.audarya-award.org/page/images/stories/photos/little_krishna/lk5.jpg]
[www.audarya-award.org/page/images/stories/photos/little_krishna/lt3.jpg]
[www.audarya-award.org/page/images/stories/photos/little_krishna/lk4.jpg]
[www.audarya-award.org/page/images/stories/photos/little_krishna/lk2.jpg]
[www.audarya-award.org/page/images/stories/photos/little_krishna/lk8.jpg]
[www.audarya-award.org/page/images/stories/photos/little_krishna/lk1.jpg]
[www.audarya-award.org/page/images/stories/photos/little_krishna/img_4918 720x480.jpg]
[www.audarya-award.org/page/images/stories/photos/little_krishna/img_4921 720x480.jpg]
[www.audarya-award.org/page/images/stories/photos/little_krishna/vrindavan 05.jpg]
[www.audarya-award.org/page/images/stories/photos/little_krishna/img_4955 720x480.jpg]
[www.audarya-award.org/page/movie/9-madhu-pandit-das-and-team-the-best-animated-movie-little-krishna.html]
[www.audarya-award.org/page/images/stories/photos/cow_protection/img_3897 720x480.jpg]
[www.audarya-award.org/page/images/stories/photos/cow_protection/cc chandi.jpg]
[www.audarya-award.org/page/images/stories/photos/cow_protection/cc hamsa.jpg]
[www.audarya-award.org/page/images/stories/photos/cow_protection/cc kunti.jpg]
[www.audarya-award.org/page/images/stories/photos/cow_protection/cc lala.jpg]
[www.audarya-award.org/page/images/stories/photos/cow_protection/cc madri.jpg]
[www.audarya-award.org/page/images/stories/photos/cow_protection/cc nakula.jpg]
[www.audarya-award.org/page/images/stories/photos/cow_protection/img_3886 720x480.jpg]
[www.audarya-award.org/page/images/stories/photos/cow_protection/img_3823 720x480.jpg]
[www.audarya-award.org/page/images/stories/photos/cow_protection/img_3849 720x480.jpg]
[www.audarya-award.org/page/images/stories/photos/cow_protection/img_3826 720x480.jpg]
[www.audarya-award.org/page/images/stories/photos/cow_protection/img_3838 720x480.jpg]
[www.audarya-award.org/page/dharma-presentation/8-kurma-rupa-dasa-cow-protection-qcare-for-cowsq.html]
[www.audarya-award.org/page/images/stories/photos/cow_protection/img_3864 720x480.jpg]
[www.audarya-award.org/page/images/stories/photos/brahma_kunda/836007555_2be557f000.jpg]
[www.audarya-award.org/page/images/stories/photos/brahma_kunda/brahmakunda.jpg]
[www.audarya-award.org/page/images/stories/photos/brahma_kunda/b0cb27cbb584465aa1fb2cb7027a133b.jpg]
[www.audarya-award.org/page/images/stories/photos/brahma_kunda/karmeti bay.jpg]
[www.audarya-award.org/page/images/stories/photos/brahma_kunda/concert2.jpg]
[www.audarya-award.org/page/images/stories/photos/brahma_kunda/concert1.jpg]
[www.audarya-award.org/page/images/stories/photos/brahma_kunda/brahmkund_visit1.gif]
[www.audarya-award.org/page/images/stories/photos/brahma_kunda/img_4812 720x480.jpg]
[www.audarya-award.org/page/images/stories/photos/brahma_kunda/img_4850 720x480.jpg]
[www.audarya-award.org/page/images/stories/photos/brahma_kunda/img_4824 720x480.jpg]
[www.audarya-award.org/page/dham-seva/7-braj-foundation-the-best-restoration-of-holy-place-brahmakunda.html]
[www.audarya-award.org/page/images/stories/photos/imlitala_siddhapeeth/dsc_0232 720x480.jpg]
[www.audarya-award.org/page/images/stories/photos/imlitala_siddhapeeth/dsc_0281 720x480.jpg]
[www.audarya-award.org/page/images/stories/photos/imlitala_siddhapeeth/dsc_0250 720x480.jpg]
[www.audarya-award.org/page/images/stories/photos/imlitala_siddhapeeth/dsc_0249 720x480.jpg]
[www.audarya-award.org/page/images/stories/photos/imlitala_siddhapeeth/dsc_0254 720x480.jpg]
[www.audarya-award.org/page/images/stories/photos/imlitala_siddhapeeth/dsc_0277 720x480.jpg]
[www.audarya-award.org/page/images/stories/photos/imlitala_siddhapeeth/dsc_02865b720x4805d.jpg]
[www.audarya-award.org/page/images/stories/photos/imlitala_siddhapeeth/dsc_0329 720x480.jpg]
[www.audarya-award.org/page/images/stories/photos/imlitala_siddhapeeth/dsc_0328 720x480.jpg]
[www.audarya-award.org/page/images/stories/photos/imlitala_siddhapeeth/dsc_0325 720x480.jpg]
[www.audarya-award.org/page/images/stories/photos/imlitala_siddhapeeth/dsc_0314 720x480.jpg]
[www.audarya-award.org/page/images/stories/photos/imlitala_siddhapeeth/dsc_0318 720x480.jpg]
[www.audarya-award.org/page/images/stories/photos/imlitala_siddhapeeth/wva-audarya award to imlitala 7.jpg]
[www.audarya-award.org/page/images/stories/photos/imlitala_siddhapeeth/wva-audarya award to imlitala 2.jpg]
[www.audarya-award.org/page/dham-seva/10-imlitala-siddhapeeth-beautiful-decoration-and-art.html]
[www.audarya-award.org/page/images/stories/photos/bhaktisiddhanta_das/img_2444.jpg]
[www.audarya-award.org/page/images/stories/photos/bhaktisiddhanta_das/img_2443.jpg]
[www.audarya-award.org/page/images/stories/photos/bhaktisiddhanta_das/img_2440.jpg]
[www.audarya-award.org/page/images/stories/photos/bhaktisiddhanta_das/img_2439.jpg]
[www.audarya-award.org/page/art-contribution/11-bhaktisiddhanta-das.html]
